Errors:
 - while creating transaction error: "user should not be empty"
 - while deleting transaction error: "something went wrong"